2026-06-04 18:18:33,273 - __main__ - INFO - ================================================================================
2026-06-04 18:18:33,273 - __main__ - INFO - OpenFOAM GUI Wrapper Started
2026-06-04 18:18:33,275 - __main__ - INFO - ================================================================================
2026-06-04 18:18:33,275 - __main__ - INFO - Log file: logs\foam_wrapper.log
2026-06-04 18:18:33,275 - __main__ - INFO - Initializing QApplication
2026-06-04 18:18:33,314 - __main__ - INFO - Creating main window
2026-06-04 18:18:33,314 - gui - INFO - Initializing OpenFOAMWrapperApp
2026-06-04 18:18:33,314 - mesh_utils - INFO - Initializing MeshManager
2026-06-04 18:18:33,314 - mesh_utils - DEBUG - MeshManager initialized
2026-06-04 18:18:33,965 - gui - INFO - OpenFOAMWrapperApp initialized
2026-06-04 18:18:34,026 - __main__ - INFO - Running application
2026-06-04 18:20:20,466 - __main__ - INFO - ================================================================================
2026-06-04 18:20:20,466 - __main__ - INFO - OpenFOAM GUI Wrapper Started
2026-06-04 18:20:20,466 - __main__ - INFO - ================================================================================
2026-06-04 18:20:20,466 - __main__ - INFO - Log file: logs\foam_wrapper.log
2026-06-04 18:20:20,466 - __main__ - INFO - Initializing QApplication
2026-06-04 18:20:20,504 - __main__ - INFO - Creating main window
2026-06-04 18:20:20,504 - gui - INFO - Initializing OpenFOAMWrapperApp
2026-06-04 18:20:20,506 - mesh_utils - INFO - Initializing MeshManager
2026-06-04 18:20:20,506 - mesh_utils - DEBUG - MeshManager initialized
2026-06-04 18:20:20,983 - gui - INFO - OpenFOAMWrapperApp initialized
2026-06-04 18:20:21,068 - __main__ - INFO - Running application
2026-06-04 18:20:38,196 - gui - INFO - new_case called
2026-06-04 18:21:07,001 - gui - INFO - Creating new case at: C:\Users\esteb\Desktop\Cours EPF Local\Apprendre pour stages\ScriptCFD\TestCase1
2026-06-04 18:21:07,002 - foam_utils - INFO - OpenFOAMCase initialized with case_dir: C:\Users\esteb\Desktop\Cours EPF Local\Apprendre pour stages\ScriptCFD\TestCase1
2026-06-04 18:21:07,002 - foam_utils - DEBUG - Templates directory: C:\Users\esteb\Desktop\Cours EPF Local\Apprendre pour stages\ScriptCFD\ScriptOFA\openfoam_wrapper\templates
2026-06-04 18:21:07,002 - foam_utils - INFO - Creating case structure in C:\Users\esteb\Desktop\Cours EPF Local\Apprendre pour stages\ScriptCFD\TestCase1
2026-06-04 18:21:07,003 - foam_utils - DEBUG - Created directory: 0
2026-06-04 18:21:07,004 - foam_utils - DEBUG - Created directory: constant
2026-06-04 18:21:07,004 - foam_utils - DEBUG - Created directory: system
2026-06-04 18:21:07,005 - foam_utils - DEBUG - Created directory: constant/polyMesh
2026-06-04 18:21:07,005 - foam_utils - INFO - Case structure created successfully
2026-06-04 18:21:07,005 - gui - INFO - Case created successfully at: C:\Users\esteb\Desktop\Cours EPF Local\Apprendre pour stages\ScriptCFD\TestCase1
2026-06-04 18:21:09,185 - gui - INFO - load_stl called
2026-06-04 18:21:20,229 - gui - INFO - Loading STL file: C:/Users/esteb/Downloads/Calendrier de l'avent v5.stl
2026-06-04 18:21:20,229 - mesh_utils - INFO - Loading STL file: C:\Users\esteb\Downloads\Calendrier de l'avent v5.stl
2026-06-04 18:21:20,277 - mesh_utils - DEBUG - STL loaded, mesh has 4392 cells
2026-06-04 18:21:20,278 - mesh_utils - INFO - Extracting surface and splitting bodies
2026-06-04 18:21:20,394 - mesh_utils - INFO - Identified 36 patches
2026-06-04 18:21:20,394 - mesh_utils - DEBUG - Initialized patch: patch_0
2026-06-04 18:21:20,394 - mesh_utils - DEBUG - Initialized patch: patch_1
2026-06-04 18:21:20,395 - mesh_utils - DEBUG - Initialized patch: patch_2
2026-06-04 18:21:20,395 - mesh_utils - DEBUG - Initialized patch: patch_3
2026-06-04 18:21:20,395 - mesh_utils - DEBUG - Initialized patch: patch_4
2026-06-04 18:21:20,395 - mesh_utils - DEBUG - Initialized patch: patch_5
2026-06-04 18:21:20,395 - mesh_utils - DEBUG - Initialized patch: patch_6
2026-06-04 18:21:20,395 - mesh_utils - DEBUG - Initialized patch: patch_7
2026-06-04 18:21:20,396 - mesh_utils - DEBUG - Initialized patch: patch_8
2026-06-04 18:21:20,396 - mesh_utils - DEBUG - Initialized patch: patch_9
2026-06-04 18:21:20,396 - mesh_utils - DEBUG - Initialized patch: patch_10
2026-06-04 18:21:20,396 - mesh_utils - DEBUG - Initialized patch: patch_11
2026-06-04 18:21:20,396 - mesh_utils - DEBUG - Initialized patch: patch_12
2026-06-04 18:21:20,396 - mesh_utils - DEBUG - Initialized patch: patch_13
2026-06-04 18:21:20,397 - mesh_utils - DEBUG - Initialized patch: patch_14
2026-06-04 18:21:20,397 - mesh_utils - DEBUG - Initialized patch: patch_15
2026-06-04 18:21:20,397 - mesh_utils - DEBUG - Initialized patch: patch_16
2026-06-04 18:21:20,397 - mesh_utils - DEBUG - Initialized patch: patch_17
2026-06-04 18:21:20,397 - mesh_utils - DEBUG - Initialized patch: patch_18
2026-06-04 18:21:20,397 - mesh_utils - DEBUG - Initialized patch: patch_19
2026-06-04 18:21:20,397 - mesh_utils - DEBUG - Initialized patch: patch_20
2026-06-04 18:21:20,397 - mesh_utils - DEBUG - Initialized patch: patch_21
2026-06-04 18:21:20,398 - mesh_utils - DEBUG - Initialized patch: patch_22
2026-06-04 18:21:20,398 - mesh_utils - DEBUG - Initialized patch: patch_23
2026-06-04 18:21:20,398 - mesh_utils - DEBUG - Initialized patch: patch_24
2026-06-04 18:21:20,398 - mesh_utils - DEBUG - Initialized patch: patch_25
2026-06-04 18:21:20,398 - mesh_utils - DEBUG - Initialized patch: patch_26
2026-06-04 18:21:20,398 - mesh_utils - DEBUG - Initialized patch: patch_27
2026-06-04 18:21:20,399 - mesh_utils - DEBUG - Initialized patch: patch_28
2026-06-04 18:21:20,399 - mesh_utils - DEBUG - Initialized patch: patch_29
2026-06-04 18:21:20,399 - mesh_utils - DEBUG - Initialized patch: patch_30
2026-06-04 18:21:20,399 - mesh_utils - DEBUG - Initialized patch: patch_31
2026-06-04 18:21:20,399 - mesh_utils - DEBUG - Initialized patch: patch_32
2026-06-04 18:21:20,399 - mesh_utils - DEBUG - Initialized patch: patch_33
2026-06-04 18:21:20,399 - mesh_utils - DEBUG - Initialized patch: patch_34
2026-06-04 18:21:20,400 - mesh_utils - DEBUG - Initialized patch: patch_35
2026-06-04 18:21:20,400 - mesh_utils - INFO - STL file processed successfully
2026-06-04 18:21:20,400 - gui - INFO - STL loaded successfully: C:/Users/esteb/Downloads/Calendrier de l'avent v5.stl
2026-06-04 18:21:20,401 - gui - DEBUG - Detected 36 patches
2026-06-04 18:22:13,174 - __main__ - INFO - ================================================================================
2026-06-04 18:22:13,174 - __main__ - INFO - OpenFOAM GUI Wrapper Started
2026-06-04 18:22:13,174 - __main__ - INFO - ================================================================================
2026-06-04 18:22:13,175 - __main__ - INFO - Log file: logs\foam_wrapper.log
2026-06-04 18:22:13,175 - __main__ - INFO - Initializing QApplication
2026-06-04 18:22:13,204 - __main__ - INFO - Creating main window
2026-06-04 18:22:13,205 - gui - INFO - Initializing OpenFOAMWrapperApp
2026-06-04 18:22:13,205 - mesh_utils - INFO - Initializing MeshManager
2026-06-04 18:22:13,205 - mesh_utils - DEBUG - MeshManager initialized
2026-06-04 18:22:13,622 - gui - INFO - OpenFOAMWrapperApp initialized
2026-06-04 18:22:13,684 - __main__ - INFO - Running application
2026-06-04 18:24:43,796 - __main__ - INFO - ================================================================================
2026-06-04 18:24:43,796 - __main__ - INFO - OpenFOAM GUI Wrapper Started
2026-06-04 18:24:43,796 - __main__ - INFO - ================================================================================
2026-06-04 18:24:43,796 - __main__ - INFO - Log file: logs\foam_wrapper.log
2026-06-04 18:24:43,796 - __main__ - INFO - Initializing QApplication
2026-06-04 18:24:43,824 - __main__ - INFO - Creating main window
2026-06-04 18:24:43,825 - gui - INFO - Initializing OpenFOAMWrapperApp
2026-06-04 18:24:43,825 - mesh_utils - INFO - Initializing MeshManager
2026-06-04 18:24:43,825 - mesh_utils - DEBUG - MeshManager initialized
2026-06-04 18:24:44,311 - gui - INFO - OpenFOAMWrapperApp initialized
2026-06-04 18:24:44,370 - __main__ - INFO - Running application
2026-06-04 18:24:50,899 - gui - INFO - new_case called
2026-06-04 18:24:53,467 - gui - INFO - new_case cancelled by user
2026-06-04 18:24:54,817 - gui - INFO - new_case called
2026-06-04 18:25:06,599 - gui - INFO - Creating new case at: C:\Users\esteb\Desktop\Cours EPF Local\Apprendre pour stages\ScriptCFD\TestCase1
2026-06-04 18:25:06,600 - foam_utils - INFO - OpenFOAMCase initialized with case_dir: C:\Users\esteb\Desktop\Cours EPF Local\Apprendre pour stages\ScriptCFD\TestCase1
2026-06-04 18:25:06,600 - foam_utils - DEBUG - Templates directory: C:\Users\esteb\Desktop\Cours EPF Local\Apprendre pour stages\ScriptCFD\ScriptOFA\openfoam_wrapper\templates
2026-06-04 18:25:06,601 - foam_utils - INFO - Creating case structure in C:\Users\esteb\Desktop\Cours EPF Local\Apprendre pour stages\ScriptCFD\TestCase1
2026-06-04 18:25:06,601 - foam_utils - DEBUG - Created directory: 0
2026-06-04 18:25:06,602 - foam_utils - DEBUG - Created directory: constant
2026-06-04 18:25:06,602 - foam_utils - DEBUG - Created directory: system
2026-06-04 18:25:06,603 - foam_utils - DEBUG - Created directory: constant/polyMesh
2026-06-04 18:25:06,603 - foam_utils - INFO - Case structure created successfully
2026-06-04 18:25:06,603 - gui - INFO - Case created successfully at: C:\Users\esteb\Desktop\Cours EPF Local\Apprendre pour stages\ScriptCFD\TestCase1
2026-06-04 18:25:43,806 - gui - INFO - load_stl called
2026-06-04 18:25:53,357 - gui - INFO - Loading STL file: C:/Users/esteb/Downloads/Calendrier de l'avent v5.stl
2026-06-04 18:25:53,358 - mesh_utils - INFO - Loading STL file: C:\Users\esteb\Downloads\Calendrier de l'avent v5.stl
2026-06-04 18:25:53,397 - mesh_utils - DEBUG - STL loaded, mesh has 4392 cells
2026-06-04 18:25:53,398 - mesh_utils - INFO - Extracting surface and splitting bodies
2026-06-04 18:25:53,523 - mesh_utils - INFO - Identified 36 patches
2026-06-04 18:25:53,523 - mesh_utils - DEBUG - Initialized patch: patch_0
2026-06-04 18:25:53,523 - mesh_utils - DEBUG - Initialized patch: patch_1
2026-06-04 18:25:53,523 - mesh_utils - DEBUG - Initialized patch: patch_2
2026-06-04 18:25:53,523 - mesh_utils - DEBUG - Initialized patch: patch_3
2026-06-04 18:25:53,524 - mesh_utils - DEBUG - Initialized patch: patch_4
2026-06-04 18:25:53,524 - mesh_utils - DEBUG - Initialized patch: patch_5
2026-06-04 18:25:53,524 - mesh_utils - DEBUG - Initialized patch: patch_6
2026-06-04 18:25:53,524 - mesh_utils - DEBUG - Initialized patch: patch_7
2026-06-04 18:25:53,524 - mesh_utils - DEBUG - Initialized patch: patch_8
2026-06-04 18:25:53,525 - mesh_utils - DEBUG - Initialized patch: patch_9
2026-06-04 18:25:53,525 - mesh_utils - DEBUG - Initialized patch: patch_10
2026-06-04 18:25:53,525 - mesh_utils - DEBUG - Initialized patch: patch_11
2026-06-04 18:25:53,525 - mesh_utils - DEBUG - Initialized patch: patch_12
2026-06-04 18:25:53,525 - mesh_utils - DEBUG - Initialized patch: patch_13
2026-06-04 18:25:53,525 - mesh_utils - DEBUG - Initialized patch: patch_14
2026-06-04 18:25:53,525 - mesh_utils - DEBUG - Initialized patch: patch_15
2026-06-04 18:25:53,526 - mesh_utils - DEBUG - Initialized patch: patch_16
2026-06-04 18:25:53,526 - mesh_utils - DEBUG - Initialized patch: patch_17
2026-06-04 18:25:53,526 - mesh_utils - DEBUG - Initialized patch: patch_18
2026-06-04 18:25:53,526 - mesh_utils - DEBUG - Initialized patch: patch_19
2026-06-04 18:25:53,526 - mesh_utils - DEBUG - Initialized patch: patch_20
2026-06-04 18:25:53,526 - mesh_utils - DEBUG - Initialized patch: patch_21
2026-06-04 18:25:53,526 - mesh_utils - DEBUG - Initialized patch: patch_22
2026-06-04 18:25:53,526 - mesh_utils - DEBUG - Initialized patch: patch_23
2026-06-04 18:25:53,526 - mesh_utils - DEBUG - Initialized patch: patch_24
2026-06-04 18:25:53,526 - mesh_utils - DEBUG - Initialized patch: patch_25
2026-06-04 18:25:53,527 - mesh_utils - DEBUG - Initialized patch: patch_26
2026-06-04 18:25:53,527 - mesh_utils - DEBUG - Initialized patch: patch_27
2026-06-04 18:25:53,527 - mesh_utils - DEBUG - Initialized patch: patch_28
2026-06-04 18:25:53,527 - mesh_utils - DEBUG - Initialized patch: patch_29
2026-06-04 18:25:53,527 - mesh_utils - DEBUG - Initialized patch: patch_30
2026-06-04 18:25:53,527 - mesh_utils - DEBUG - Initialized patch: patch_31
2026-06-04 18:25:53,527 - mesh_utils - DEBUG - Initialized patch: patch_32
2026-06-04 18:25:53,528 - mesh_utils - DEBUG - Initialized patch: patch_33
2026-06-04 18:25:53,528 - mesh_utils - DEBUG - Initialized patch: patch_34
2026-06-04 18:25:53,528 - mesh_utils - DEBUG - Initialized patch: patch_35
2026-06-04 18:25:53,528 - mesh_utils - INFO - STL file processed successfully
2026-06-04 18:25:53,528 - gui - INFO - STL loaded successfully: C:/Users/esteb/Downloads/Calendrier de l'avent v5.stl
2026-06-04 18:25:53,529 - gui - DEBUG - Detected 36 patches
2026-06-04 18:29:57,762 - __main__ - INFO - ================================================================================
2026-06-04 18:29:57,762 - __main__ - INFO - OpenFOAM GUI Wrapper Started
2026-06-04 18:29:57,762 - __main__ - INFO - ================================================================================
2026-06-04 18:29:57,762 - __main__ - INFO - Log file: logs\foam_wrapper.log
2026-06-04 18:29:57,762 - __main__ - INFO - Initializing QApplication
2026-06-04 18:29:57,790 - __main__ - INFO - Creating main window
2026-06-04 18:29:57,791 - gui - INFO - Initializing OpenFOAMWrapperApp
2026-06-04 18:29:57,791 - mesh_utils - INFO - Initializing MeshManager
2026-06-04 18:29:57,791 - mesh_utils - DEBUG - MeshManager initialized
2026-06-04 18:29:58,237 - gui - INFO - OpenFOAMWrapperApp initialized
2026-06-04 18:29:58,295 - __main__ - INFO - Running application
2026-06-04 18:30:01,990 - gui - INFO - load_stl called
2026-06-04 18:30:01,990 - gui - WARNING - load_stl: case_dir not set
2026-06-04 18:30:04,439 - gui - INFO - new_case called
2026-06-04 18:30:19,882 - gui - INFO - Creating new case at: C:\Users\esteb\Desktop\Cours EPF Local\Apprendre pour stages\ScriptCFD\TestCase1
2026-06-04 18:30:19,883 - foam_utils - INFO - OpenFOAMCase initialized with case_dir: C:\Users\esteb\Desktop\Cours EPF Local\Apprendre pour stages\ScriptCFD\TestCase1
2026-06-04 18:30:19,883 - foam_utils - DEBUG - Templates directory: C:\Users\esteb\Desktop\Cours EPF Local\Apprendre pour stages\ScriptCFD\ScriptOFA\openfoam_wrapper\templates
2026-06-04 18:30:19,883 - foam_utils - INFO - Creating case structure in C:\Users\esteb\Desktop\Cours EPF Local\Apprendre pour stages\ScriptCFD\TestCase1
2026-06-04 18:30:19,884 - foam_utils - DEBUG - Created directory: 0
2026-06-04 18:30:19,884 - foam_utils - DEBUG - Created directory: constant
2026-06-04 18:30:19,884 - foam_utils - DEBUG - Created directory: system
2026-06-04 18:30:19,885 - foam_utils - DEBUG - Created directory: constant/polyMesh
2026-06-04 18:30:19,885 - foam_utils - INFO - Case structure created successfully
2026-06-04 18:30:19,885 - gui - INFO - Case created successfully at: C:\Users\esteb\Desktop\Cours EPF Local\Apprendre pour stages\ScriptCFD\TestCase1
2026-06-04 18:30:20,636 - gui - INFO - load_stl called
2026-06-04 18:30:27,894 - gui - INFO - Loading STL file: C:/Users/esteb/Downloads/Calendrier de l'avent v5.stl
2026-06-04 18:30:27,894 - mesh_utils - INFO - Loading STL file: C:\Users\esteb\Downloads\Calendrier de l'avent v5.stl
2026-06-04 18:30:27,919 - mesh_utils - DEBUG - STL loaded, mesh has 4392 cells
2026-06-04 18:30:27,919 - mesh_utils - INFO - Extracting surface and splitting bodies
2026-06-04 18:30:28,042 - mesh_utils - INFO - Identified 36 patches
2026-06-04 18:30:28,043 - mesh_utils - DEBUG - Initialized patch: patch_0
2026-06-04 18:30:28,043 - mesh_utils - DEBUG - Initialized patch: patch_1
2026-06-04 18:30:28,043 - mesh_utils - DEBUG - Initialized patch: patch_2
2026-06-04 18:30:28,043 - mesh_utils - DEBUG - Initialized patch: patch_3
2026-06-04 18:30:28,043 - mesh_utils - DEBUG - Initialized patch: patch_4
2026-06-04 18:30:28,044 - mesh_utils - DEBUG - Initialized patch: patch_5
2026-06-04 18:30:28,044 - mesh_utils - DEBUG - Initialized patch: patch_6
2026-06-04 18:30:28,044 - mesh_utils - DEBUG - Initialized patch: patch_7
2026-06-04 18:30:28,044 - mesh_utils - DEBUG - Initialized patch: patch_8
2026-06-04 18:30:28,044 - mesh_utils - DEBUG - Initialized patch: patch_9
2026-06-04 18:30:28,044 - mesh_utils - DEBUG - Initialized patch: patch_10
2026-06-04 18:30:28,044 - mesh_utils - DEBUG - Initialized patch: patch_11
2026-06-04 18:30:28,044 - mesh_utils - DEBUG - Initialized patch: patch_12
2026-06-04 18:30:28,045 - mesh_utils - DEBUG - Initialized patch: patch_13
2026-06-04 18:30:28,045 - mesh_utils - DEBUG - Initialized patch: patch_14
2026-06-04 18:30:28,045 - mesh_utils - DEBUG - Initialized patch: patch_15
2026-06-04 18:30:28,045 - mesh_utils - DEBUG - Initialized patch: patch_16
2026-06-04 18:30:28,045 - mesh_utils - DEBUG - Initialized patch: patch_17
2026-06-04 18:30:28,045 - mesh_utils - DEBUG - Initialized patch: patch_18
2026-06-04 18:30:28,045 - mesh_utils - DEBUG - Initialized patch: patch_19
2026-06-04 18:30:28,046 - mesh_utils - DEBUG - Initialized patch: patch_20
2026-06-04 18:30:28,046 - mesh_utils - DEBUG - Initialized patch: patch_21
2026-06-04 18:30:28,046 - mesh_utils - DEBUG - Initialized patch: patch_22
2026-06-04 18:30:28,046 - mesh_utils - DEBUG - Initialized patch: patch_23
2026-06-04 18:30:28,046 - mesh_utils - DEBUG - Initialized patch: patch_24
2026-06-04 18:30:28,046 - mesh_utils - DEBUG - Initialized patch: patch_25
2026-06-04 18:30:28,046 - mesh_utils - DEBUG - Initialized patch: patch_26
2026-06-04 18:30:28,046 - mesh_utils - DEBUG - Initialized patch: patch_27
2026-06-04 18:30:28,047 - mesh_utils - DEBUG - Initialized patch: patch_28
2026-06-04 18:30:28,047 - mesh_utils - DEBUG - Initialized patch: patch_29
2026-06-04 18:30:28,047 - mesh_utils - DEBUG - Initialized patch: patch_30
2026-06-04 18:30:28,047 - mesh_utils - DEBUG - Initialized patch: patch_31
2026-06-04 18:30:28,047 - mesh_utils - DEBUG - Initialized patch: patch_32
2026-06-04 18:30:28,047 - mesh_utils - DEBUG - Initialized patch: patch_33
2026-06-04 18:30:28,047 - mesh_utils - DEBUG - Initialized patch: patch_34
2026-06-04 18:30:28,048 - mesh_utils - DEBUG - Initialized patch: patch_35
2026-06-04 18:30:28,048 - mesh_utils - INFO - STL file processed successfully
2026-06-04 18:30:28,048 - gui - INFO - STL loaded successfully: C:/Users/esteb/Downloads/Calendrier de l'avent v5.stl
2026-06-04 18:30:28,049 - gui - DEBUG - Detected 36 patches
2026-06-04 18:31:14,646 - gui - INFO - generate_case called
2026-06-04 18:31:14,647 - gui - INFO - Collecting configuration from GUI
2026-06-04 18:31:14,647 - gui - DEBUG - Configuration: {'solver': 'simpleFoam', 'endTime': 99.99, 'deltaT': 1.0, 'writeInterval': 1, 'nu': 1e-06, 'u_inlet': [24.0, 0, 0], 'k_inlet': 0.1, 'omega_inlet': 99.99, 'turbulenceModel': 'kOmegaSST'}
2026-06-04 18:31:14,647 - gui - DEBUG - Patch info: {}
2026-06-04 18:31:14,647 - gui - WARNING - generate_case: no patch assignments
2026-06-05 09:44:57,063 - __main__ - INFO - ================================================================================
2026-06-05 09:44:57,063 - __main__ - INFO - OpenFOAM GUI Wrapper Started
2026-06-05 09:44:57,064 - __main__ - INFO - ================================================================================
2026-06-05 09:44:57,064 - __main__ - INFO - Log file: logs\foam_wrapper.log
2026-06-05 09:44:57,064 - __main__ - INFO - Initializing QApplication
2026-06-05 09:44:57,093 - __main__ - INFO - Creating main window
2026-06-05 09:44:57,094 - gui - INFO - Initializing OpenFOAMWrapperApp
2026-06-05 09:44:57,094 - mesh_utils - INFO - Initializing MeshManager
2026-06-05 09:44:57,094 - mesh_utils - DEBUG - MeshManager initialized
2026-06-05 09:44:57,564 - gui - INFO - OpenFOAMWrapperApp initialized
2026-06-05 09:44:57,641 - __main__ - INFO - Running application
2026-06-05 09:45:09,826 - gui - INFO - new_case called
2026-06-05 09:45:22,828 - gui - INFO - Creating new case at: C:\Users\esteb\Desktop\Cours EPF Local\Apprendre pour stages\ScriptCFD\TestCase1
2026-06-05 09:45:22,829 - foam_utils - INFO - OpenFOAMCase initialized with case_dir: C:\Users\esteb\Desktop\Cours EPF Local\Apprendre pour stages\ScriptCFD\TestCase1
2026-06-05 09:45:22,829 - foam_utils - DEBUG - Templates directory: C:\Users\esteb\Desktop\Cours EPF Local\Apprendre pour stages\ScriptCFD\ScriptOFA\openfoam_wrapper\templates
2026-06-05 09:45:22,829 - foam_utils - INFO - Creating case structure in C:\Users\esteb\Desktop\Cours EPF Local\Apprendre pour stages\ScriptCFD\TestCase1
2026-06-05 09:45:22,829 - foam_utils - DEBUG - Created directory: 0
2026-06-05 09:45:22,829 - foam_utils - DEBUG - Created directory: constant
2026-06-05 09:45:22,830 - foam_utils - DEBUG - Created directory: system
2026-06-05 09:45:22,830 - foam_utils - DEBUG - Created directory: constant/polyMesh
2026-06-05 09:45:22,830 - foam_utils - INFO - Case structure created successfully
2026-06-05 09:45:22,830 - gui - INFO - Case created successfully at: C:\Users\esteb\Desktop\Cours EPF Local\Apprendre pour stages\ScriptCFD\TestCase1
2026-06-05 09:45:24,306 - gui - INFO - load_stl called
2026-06-05 09:45:28,501 - gui - INFO - Loading STL file: C:/Users/esteb/Downloads/Calendrier de l'avent v7.stl
2026-06-05 09:45:28,502 - mesh_utils - INFO - Loading STL file: C:\Users\esteb\Downloads\Calendrier de l'avent v7.stl
2026-06-05 09:45:28,653 - mesh_utils - DEBUG - STL loaded, mesh has 4392 cells
2026-06-05 09:45:28,653 - mesh_utils - INFO - Extracting surface and splitting bodies
2026-06-05 09:45:28,742 - mesh_utils - INFO - Identified 36 patches
2026-06-05 09:45:28,742 - mesh_utils - DEBUG - Initialized patch: patch_0
2026-06-05 09:45:28,742 - mesh_utils - DEBUG - Initialized patch: patch_1
2026-06-05 09:45:28,743 - mesh_utils - DEBUG - Initialized patch: patch_2
2026-06-05 09:45:28,743 - mesh_utils - DEBUG - Initialized patch: patch_3
2026-06-05 09:45:28,743 - mesh_utils - DEBUG - Initialized patch: patch_4
2026-06-05 09:45:28,743 - mesh_utils - DEBUG - Initialized patch: patch_5
2026-06-05 09:45:28,743 - mesh_utils - DEBUG - Initialized patch: patch_6
2026-06-05 09:45:28,743 - mesh_utils - DEBUG - Initialized patch: patch_7
2026-06-05 09:45:28,743 - mesh_utils - DEBUG - Initialized patch: patch_8
2026-06-05 09:45:28,743 - mesh_utils - DEBUG - Initialized patch: patch_9
2026-06-05 09:45:28,743 - mesh_utils - DEBUG - Initialized patch: patch_10
2026-06-05 09:45:28,743 - mesh_utils - DEBUG - Initialized patch: patch_11
2026-06-05 09:45:28,744 - mesh_utils - DEBUG - Initialized patch: patch_12
2026-06-05 09:45:28,744 - mesh_utils - DEBUG - Initialized patch: patch_13
2026-06-05 09:45:28,744 - mesh_utils - DEBUG - Initialized patch: patch_14
2026-06-05 09:45:28,744 - mesh_utils - DEBUG - Initialized patch: patch_15
2026-06-05 09:45:28,744 - mesh_utils - DEBUG - Initialized patch: patch_16
2026-06-05 09:45:28,744 - mesh_utils - DEBUG - Initialized patch: patch_17
2026-06-05 09:45:28,744 - mesh_utils - DEBUG - Initialized patch: patch_18
2026-06-05 09:45:28,744 - mesh_utils - DEBUG - Initialized patch: patch_19
2026-06-05 09:45:28,744 - mesh_utils - DEBUG - Initialized patch: patch_20
2026-06-05 09:45:28,744 - mesh_utils - DEBUG - Initialized patch: patch_21
2026-06-05 09:45:28,744 - mesh_utils - DEBUG - Initialized patch: patch_22
2026-06-05 09:45:28,744 - mesh_utils - DEBUG - Initialized patch: patch_23
2026-06-05 09:45:28,744 - mesh_utils - DEBUG - Initialized patch: patch_24
2026-06-05 09:45:28,744 - mesh_utils - DEBUG - Initialized patch: patch_25
2026-06-05 09:45:28,744 - mesh_utils - DEBUG - Initialized patch: patch_26
2026-06-05 09:45:28,744 - mesh_utils - DEBUG - Initialized patch: patch_27
2026-06-05 09:45:28,744 - mesh_utils - DEBUG - Initialized patch: patch_28
2026-06-05 09:45:28,744 - mesh_utils - DEBUG - Initialized patch: patch_29
2026-06-05 09:45:28,744 - mesh_utils - DEBUG - Initialized patch: patch_30
2026-06-05 09:45:28,745 - mesh_utils - DEBUG - Initialized patch: patch_31
2026-06-05 09:45:28,745 - mesh_utils - DEBUG - Initialized patch: patch_32
2026-06-05 09:45:28,745 - mesh_utils - DEBUG - Initialized patch: patch_33
2026-06-05 09:45:28,745 - mesh_utils - DEBUG - Initialized patch: patch_34
2026-06-05 09:45:28,745 - mesh_utils - DEBUG - Initialized patch: patch_35
2026-06-05 09:45:28,745 - mesh_utils - INFO - STL file processed successfully
2026-06-05 09:45:28,745 - gui - INFO - STL loaded successfully: C:/Users/esteb/Downloads/Calendrier de l'avent v7.stl
2026-06-05 09:45:28,745 - gui - DEBUG - Detected 36 patches
2026-06-05 09:49:44,864 - __main__ - INFO - ================================================================================
2026-06-05 09:49:44,865 - __main__ - INFO - OpenFOAM GUI Wrapper Started
2026-06-05 09:49:44,865 - __main__ - INFO - ================================================================================
2026-06-05 09:49:44,865 - __main__ - INFO - Log file: logs\foam_wrapper.log
2026-06-05 09:49:44,865 - __main__ - INFO - Initializing QApplication
2026-06-05 09:49:44,881 - __main__ - INFO - Creating main window
2026-06-05 09:49:44,881 - gui - INFO - Initializing OpenFOAMWrapperApp
2026-06-05 09:49:44,881 - mesh_utils - INFO - Initializing MeshManager
2026-06-05 09:49:44,881 - mesh_utils - DEBUG - MeshManager initialized
2026-06-05 09:49:45,131 - gui - INFO - OpenFOAMWrapperApp initialized
2026-06-05 09:49:45,161 - __main__ - INFO - Running application
2026-06-05 09:49:48,437 - gui - INFO - new_case called
2026-06-05 09:49:57,023 - gui - INFO - Creating new case at: C:\Users\esteb\Desktop\Cours EPF Local\Apprendre pour stages\ScriptCFD\TestCase1
2026-06-05 09:49:57,024 - foam_utils - INFO - OpenFOAMCase initialized with case_dir: C:\Users\esteb\Desktop\Cours EPF Local\Apprendre pour stages\ScriptCFD\TestCase1
2026-06-05 09:49:57,024 - foam_utils - DEBUG - Templates directory: C:\Users\esteb\Desktop\Cours EPF Local\Apprendre pour stages\ScriptCFD\ScriptOFA\openfoam_wrapper\templates
2026-06-05 09:49:57,024 - foam_utils - INFO - Creating case structure in C:\Users\esteb\Desktop\Cours EPF Local\Apprendre pour stages\ScriptCFD\TestCase1
2026-06-05 09:49:57,024 - foam_utils - DEBUG - Created directory: 0
2026-06-05 09:49:57,024 - foam_utils - DEBUG - Created directory: constant
2026-06-05 09:49:57,025 - foam_utils - DEBUG - Created directory: system
2026-06-05 09:49:57,025 - foam_utils - DEBUG - Created directory: constant/polyMesh
2026-06-05 09:49:57,025 - foam_utils - INFO - Case structure created successfully
2026-06-05 09:49:57,025 - gui - INFO - Case created successfully at: C:\Users\esteb\Desktop\Cours EPF Local\Apprendre pour stages\ScriptCFD\TestCase1
2026-06-05 09:49:58,734 - gui - INFO - load_stl called
2026-06-05 09:50:01,675 - gui - INFO - Loading STL file: C:/Users/esteb/Downloads/Calendrier de l'avent v7.stl
2026-06-05 09:50:01,675 - mesh_utils - INFO - Loading STL file: C:\Users\esteb\Downloads\Calendrier de l'avent v7.stl
2026-06-05 09:50:01,686 - mesh_utils - DEBUG - STL loaded, mesh has 4392 cells
2026-06-05 09:50:01,686 - mesh_utils - INFO - Extracting surface and splitting bodies
2026-06-05 09:50:01,742 - mesh_utils - INFO - Identified 36 patches
2026-06-05 09:50:01,742 - mesh_utils - DEBUG - Initialized patch: patch_0
2026-06-05 09:50:01,742 - mesh_utils - DEBUG - Initialized patch: patch_1
2026-06-05 09:50:01,742 - mesh_utils - DEBUG - Initialized patch: patch_2
2026-06-05 09:50:01,742 - mesh_utils - DEBUG - Initialized patch: patch_3
2026-06-05 09:50:01,743 - mesh_utils - DEBUG - Initialized patch: patch_4
2026-06-05 09:50:01,743 - mesh_utils - DEBUG - Initialized patch: patch_5
2026-06-05 09:50:01,743 - mesh_utils - DEBUG - Initialized patch: patch_6
2026-06-05 09:50:01,743 - mesh_utils - DEBUG - Initialized patch: patch_7
2026-06-05 09:50:01,743 - mesh_utils - DEBUG - Initialized patch: patch_8
2026-06-05 09:50:01,743 - mesh_utils - DEBUG - Initialized patch: patch_9
2026-06-05 09:50:01,743 - mesh_utils - DEBUG - Initialized patch: patch_10
2026-06-05 09:50:01,743 - mesh_utils - DEBUG - Initialized patch: patch_11
2026-06-05 09:50:01,743 - mesh_utils - DEBUG - Initialized patch: patch_12
2026-06-05 09:50:01,744 - mesh_utils - DEBUG - Initialized patch: patch_13
2026-06-05 09:50:01,744 - mesh_utils - DEBUG - Initialized patch: patch_14
2026-06-05 09:50:01,744 - mesh_utils - DEBUG - Initialized patch: patch_15
2026-06-05 09:50:01,744 - mesh_utils - DEBUG - Initialized patch: patch_16
2026-06-05 09:50:01,744 - mesh_utils - DEBUG - Initialized patch: patch_17
2026-06-05 09:50:01,744 - mesh_utils - DEBUG - Initialized patch: patch_18
2026-06-05 09:50:01,744 - mesh_utils - DEBUG - Initialized patch: patch_19
2026-06-05 09:50:01,744 - mesh_utils - DEBUG - Initialized patch: patch_20
2026-06-05 09:50:01,744 - mesh_utils - DEBUG - Initialized patch: patch_21
2026-06-05 09:50:01,744 - mesh_utils - DEBUG - Initialized patch: patch_22
2026-06-05 09:50:01,744 - mesh_utils - DEBUG - Initialized patch: patch_23
2026-06-05 09:50:01,745 - mesh_utils - DEBUG - Initialized patch: patch_24
2026-06-05 09:50:01,745 - mesh_utils - DEBUG - Initialized patch: patch_25
2026-06-05 09:50:01,745 - mesh_utils - DEBUG - Initialized patch: patch_26
2026-06-05 09:50:01,745 - mesh_utils - DEBUG - Initialized patch: patch_27
2026-06-05 09:50:01,745 - mesh_utils - DEBUG - Initialized patch: patch_28
2026-06-05 09:50:01,745 - mesh_utils - DEBUG - Initialized patch: patch_29
2026-06-05 09:50:01,745 - mesh_utils - DEBUG - Initialized patch: patch_30
2026-06-05 09:50:01,745 - mesh_utils - DEBUG - Initialized patch: patch_31
2026-06-05 09:50:01,745 - mesh_utils - DEBUG - Initialized patch: patch_32
2026-06-05 09:50:01,745 - mesh_utils - DEBUG - Initialized patch: patch_33
2026-06-05 09:50:01,745 - mesh_utils - DEBUG - Initialized patch: patch_34
2026-06-05 09:50:01,745 - mesh_utils - DEBUG - Initialized patch: patch_35
2026-06-05 09:50:01,746 - mesh_utils - INFO - STL file processed successfully
2026-06-05 09:50:01,746 - gui - INFO - STL loaded successfully: C:/Users/esteb/Downloads/Calendrier de l'avent v7.stl
2026-06-05 09:50:01,746 - gui - DEBUG - Detected 36 patches
2026-06-05 09:59:43,672 - __main__ - INFO - ================================================================================
2026-06-05 09:59:43,672 - __main__ - INFO - OpenFOAM GUI Wrapper Started
2026-06-05 09:59:43,672 - __main__ - INFO - ================================================================================
2026-06-05 09:59:43,672 - __main__ - INFO - Log file: logs\foam_wrapper.log
2026-06-05 09:59:43,672 - __main__ - INFO - Initializing QApplication
2026-06-05 09:59:43,688 - __main__ - INFO - Creating main window
2026-06-05 09:59:43,688 - gui - INFO - Initializing OpenFOAMWrapperApp
2026-06-05 09:59:43,688 - mesh_utils - INFO - Initializing MeshManager
2026-06-05 09:59:43,688 - mesh_utils - DEBUG - MeshManager initialized
2026-06-05 09:59:44,146 - gui - INFO - OpenFOAMWrapperApp initialized
2026-06-05 09:59:44,180 - __main__ - INFO - Running application
2026-06-05 09:59:48,525 - gui - INFO - load_stl called
2026-06-05 09:59:48,525 - gui - WARNING - load_stl: case_dir not set
2026-06-05 09:59:52,439 - gui - INFO - new_case called
2026-06-05 10:00:01,766 - gui - INFO - Creating new case at: C:\Users\esteb\Desktop\Cours EPF Local\Apprendre pour stages\ScriptCFD\TestCase1
2026-06-05 10:00:01,767 - foam_utils - INFO - OpenFOAMCase initialized with case_dir: C:\Users\esteb\Desktop\Cours EPF Local\Apprendre pour stages\ScriptCFD\TestCase1
2026-06-05 10:00:01,767 - foam_utils - DEBUG - Templates directory: c:\Users\esteb\Desktop\Cours EPF Local\Apprendre pour stages\ScriptCFD\ScriptOFA\openfoam_wrapper\templates
2026-06-05 10:00:01,767 - foam_utils - INFO - Creating case structure in C:\Users\esteb\Desktop\Cours EPF Local\Apprendre pour stages\ScriptCFD\TestCase1
2026-06-05 10:00:01,767 - foam_utils - DEBUG - Created directory: 0
2026-06-05 10:00:01,769 - foam_utils - DEBUG - Created directory: constant
2026-06-05 10:00:01,769 - foam_utils - DEBUG - Created directory: system
2026-06-05 10:00:01,769 - foam_utils - DEBUG - Created directory: constant/polyMesh
2026-06-05 10:00:01,769 - foam_utils - INFO - Case structure created successfully
2026-06-05 10:00:01,769 - gui - INFO - Case created successfully at: C:\Users\esteb\Desktop\Cours EPF Local\Apprendre pour stages\ScriptCFD\TestCase1
2026-06-05 10:00:02,777 - gui - INFO - load_stl called
2026-06-05 10:00:06,373 - gui - INFO - Loading STL file: C:/Users/esteb/Downloads/Calendrier de l'avent v7.stl
2026-06-05 10:00:06,373 - mesh_utils - INFO - Loading STL file: C:\Users\esteb\Downloads\Calendrier de l'avent v7.stl
2026-06-05 10:00:06,536 - mesh_utils - DEBUG - STL loaded, mesh has 4392 cells
2026-06-05 10:00:06,536 - mesh_utils - INFO - Extracting surface and splitting bodies
2026-06-05 10:00:06,622 - mesh_utils - INFO - Identified 36 patches
2026-06-05 10:00:06,622 - mesh_utils - DEBUG - Initialized patch: patch_0
2026-06-05 10:00:06,622 - mesh_utils - DEBUG - Initialized patch: patch_1
2026-06-05 10:00:06,623 - mesh_utils - DEBUG - Initialized patch: patch_2
2026-06-05 10:00:06,623 - mesh_utils - DEBUG - Initialized patch: patch_3
2026-06-05 10:00:06,623 - mesh_utils - DEBUG - Initialized patch: patch_4
2026-06-05 10:00:06,623 - mesh_utils - DEBUG - Initialized patch: patch_5
2026-06-05 10:00:06,623 - mesh_utils - DEBUG - Initialized patch: patch_6
2026-06-05 10:00:06,623 - mesh_utils - DEBUG - Initialized patch: patch_7
2026-06-05 10:00:06,623 - mesh_utils - DEBUG - Initialized patch: patch_8
2026-06-05 10:00:06,623 - mesh_utils - DEBUG - Initialized patch: patch_9
2026-06-05 10:00:06,623 - mesh_utils - DEBUG - Initialized patch: patch_10
2026-06-05 10:00:06,623 - mesh_utils - DEBUG - Initialized patch: patch_11
2026-06-05 10:00:06,623 - mesh_utils - DEBUG - Initialized patch: patch_12
2026-06-05 10:00:06,623 - mesh_utils - DEBUG - Initialized patch: patch_13
2026-06-05 10:00:06,623 - mesh_utils - DEBUG - Initialized patch: patch_14
2026-06-05 10:00:06,623 - mesh_utils - DEBUG - Initialized patch: patch_15
2026-06-05 10:00:06,623 - mesh_utils - DEBUG - Initialized patch: patch_16
2026-06-05 10:00:06,623 - mesh_utils - DEBUG - Initialized patch: patch_17
2026-06-05 10:00:06,623 - mesh_utils - DEBUG - Initialized patch: patch_18
2026-06-05 10:00:06,623 - mesh_utils - DEBUG - Initialized patch: patch_19
2026-06-05 10:00:06,623 - mesh_utils - DEBUG - Initialized patch: patch_20
2026-06-05 10:00:06,624 - mesh_utils - DEBUG - Initialized patch: patch_21
2026-06-05 10:00:06,624 - mesh_utils - DEBUG - Initialized patch: patch_22
2026-06-05 10:00:06,624 - mesh_utils - DEBUG - Initialized patch: patch_23
2026-06-05 10:00:06,624 - mesh_utils - DEBUG - Initialized patch: patch_24
2026-06-05 10:00:06,624 - mesh_utils - DEBUG - Initialized patch: patch_25
2026-06-05 10:00:06,624 - mesh_utils - DEBUG - Initialized patch: patch_26
2026-06-05 10:00:06,624 - mesh_utils - DEBUG - Initialized patch: patch_27
2026-06-05 10:00:06,624 - mesh_utils - DEBUG - Initialized patch: patch_28
2026-06-05 10:00:06,624 - mesh_utils - DEBUG - Initialized patch: patch_29
2026-06-05 10:00:06,624 - mesh_utils - DEBUG - Initialized patch: patch_30
2026-06-05 10:00:06,624 - mesh_utils - DEBUG - Initialized patch: patch_31
2026-06-05 10:00:06,624 - mesh_utils - DEBUG - Initialized patch: patch_32
2026-06-05 10:00:06,624 - mesh_utils - DEBUG - Initialized patch: patch_33
2026-06-05 10:00:06,624 - mesh_utils - DEBUG - Initialized patch: patch_34
2026-06-05 10:00:06,624 - mesh_utils - DEBUG - Initialized patch: patch_35
2026-06-05 10:00:06,624 - mesh_utils - INFO - STL file processed successfully
2026-06-05 10:00:06,624 - gui - INFO - STL loaded successfully: C:/Users/esteb/Downloads/Calendrier de l'avent v7.stl
2026-06-05 10:00:06,626 - gui - DEBUG - Detected 36 patches
2026-06-05 10:09:00,055 - __main__ - INFO - ================================================================================
2026-06-05 10:09:00,055 - __main__ - INFO - OpenFOAM GUI Wrapper Started
2026-06-05 10:09:00,055 - __main__ - INFO - ================================================================================
2026-06-05 10:09:00,055 - __main__ - INFO - Log file: logs\foam_wrapper.log
2026-06-05 10:09:00,055 - __main__ - INFO - Initializing QApplication
2026-06-05 10:09:00,071 - __main__ - INFO - Creating main window
2026-06-05 10:09:00,073 - gui - INFO - Initializing OpenFOAMWrapperApp
2026-06-05 10:09:00,073 - mesh_utils - INFO - Initializing MeshManager
2026-06-05 10:09:00,073 - mesh_utils - DEBUG - MeshManager initialized
2026-06-05 10:09:00,325 - gui - INFO - OpenFOAMWrapperApp initialized
2026-06-05 10:09:00,354 - __main__ - INFO - Running application
2026-06-05 10:09:05,028 - gui - INFO - new_case called
2026-06-05 10:09:13,566 - gui - INFO - Creating new case at: C:\Users\esteb\Desktop\Cours EPF Local\Apprendre pour stages\ScriptCFD\TestCase1
2026-06-05 10:09:13,567 - foam_utils - INFO - OpenFOAMCase initialized with case_dir: C:\Users\esteb\Desktop\Cours EPF Local\Apprendre pour stages\ScriptCFD\TestCase1
2026-06-05 10:09:13,567 - foam_utils - DEBUG - Templates directory: c:\Users\esteb\Desktop\Cours EPF Local\Apprendre pour stages\ScriptCFD\ScriptOFA\openfoam_wrapper\templates
2026-06-05 10:09:13,567 - foam_utils - INFO - Creating case structure in C:\Users\esteb\Desktop\Cours EPF Local\Apprendre pour stages\ScriptCFD\TestCase1
2026-06-05 10:09:13,567 - foam_utils - DEBUG - Created directory: 0
2026-06-05 10:09:13,567 - foam_utils - DEBUG - Created directory: constant
2026-06-05 10:09:13,567 - foam_utils - DEBUG - Created directory: system
2026-06-05 10:09:13,569 - foam_utils - DEBUG - Created directory: constant/polyMesh
2026-06-05 10:09:13,569 - foam_utils - INFO - Case structure created successfully
2026-06-05 10:09:13,569 - gui - INFO - Case created successfully at: C:\Users\esteb\Desktop\Cours EPF Local\Apprendre pour stages\ScriptCFD\TestCase1
2026-06-05 10:09:14,824 - gui - INFO - load_stl called
2026-06-05 10:09:18,460 - gui - INFO - Loading STL file: C:/Users/esteb/Downloads/Calendrier de l'avent v7.stl
2026-06-05 10:09:18,460 - mesh_utils - INFO - Loading STL file: C:\Users\esteb\Downloads\Calendrier de l'avent v7.stl
2026-06-05 10:09:18,474 - mesh_utils - DEBUG - STL loaded, mesh has 4392 cells
2026-06-05 10:09:18,474 - mesh_utils - INFO - Extracting surface and splitting bodies
2026-06-05 10:09:18,531 - mesh_utils - INFO - Identified 36 patches
2026-06-05 10:09:18,531 - mesh_utils - DEBUG - Initialized patch: patch_0
2026-06-05 10:09:18,531 - mesh_utils - DEBUG - Initialized patch: patch_1
2026-06-05 10:09:18,531 - mesh_utils - DEBUG - Initialized patch: patch_2
2026-06-05 10:09:18,531 - mesh_utils - DEBUG - Initialized patch: patch_3
2026-06-05 10:09:18,531 - mesh_utils - DEBUG - Initialized patch: patch_4
2026-06-05 10:09:18,531 - mesh_utils - DEBUG - Initialized patch: patch_5
2026-06-05 10:09:18,531 - mesh_utils - DEBUG - Initialized patch: patch_6
2026-06-05 10:09:18,532 - mesh_utils - DEBUG - Initialized patch: patch_7
2026-06-05 10:09:18,532 - mesh_utils - DEBUG - Initialized patch: patch_8
2026-06-05 10:09:18,532 - mesh_utils - DEBUG - Initialized patch: patch_9
2026-06-05 10:09:18,532 - mesh_utils - DEBUG - Initialized patch: patch_10
2026-06-05 10:09:18,532 - mesh_utils - DEBUG - Initialized patch: patch_11
2026-06-05 10:09:18,532 - mesh_utils - DEBUG - Initialized patch: patch_12
2026-06-05 10:09:18,532 - mesh_utils - DEBUG - Initialized patch: patch_13
2026-06-05 10:09:18,532 - mesh_utils - DEBUG - Initialized patch: patch_14
2026-06-05 10:09:18,532 - mesh_utils - DEBUG - Initialized patch: patch_15
2026-06-05 10:09:18,532 - mesh_utils - DEBUG - Initialized patch: patch_16
2026-06-05 10:09:18,533 - mesh_utils - DEBUG - Initialized patch: patch_17
2026-06-05 10:09:18,533 - mesh_utils - DEBUG - Initialized patch: patch_18
2026-06-05 10:09:18,533 - mesh_utils - DEBUG - Initialized patch: patch_19
2026-06-05 10:09:18,533 - mesh_utils - DEBUG - Initialized patch: patch_20
2026-06-05 10:09:18,533 - mesh_utils - DEBUG - Initialized patch: patch_21
2026-06-05 10:09:18,533 - mesh_utils - DEBUG - Initialized patch: patch_22
2026-06-05 10:09:18,533 - mesh_utils - DEBUG - Initialized patch: patch_23
2026-06-05 10:09:18,533 - mesh_utils - DEBUG - Initialized patch: patch_24
2026-06-05 10:09:18,533 - mesh_utils - DEBUG - Initialized patch: patch_25
2026-06-05 10:09:18,534 - mesh_utils - DEBUG - Initialized patch: patch_26
2026-06-05 10:09:18,534 - mesh_utils - DEBUG - Initialized patch: patch_27
2026-06-05 10:09:18,534 - mesh_utils - DEBUG - Initialized patch: patch_28
2026-06-05 10:09:18,534 - mesh_utils - DEBUG - Initialized patch: patch_29
2026-06-05 10:09:18,534 - mesh_utils - DEBUG - Initialized patch: patch_30
2026-06-05 10:09:18,534 - mesh_utils - DEBUG - Initialized patch: patch_31
2026-06-05 10:09:18,534 - mesh_utils - DEBUG - Initialized patch: patch_32
2026-06-05 10:09:18,534 - mesh_utils - DEBUG - Initialized patch: patch_33
2026-06-05 10:09:18,534 - mesh_utils - DEBUG - Initialized patch: patch_34
2026-06-05 10:09:18,534 - mesh_utils - DEBUG - Initialized patch: patch_35
2026-06-05 10:09:18,534 - mesh_utils - INFO - STL file processed successfully
2026-06-05 10:09:18,535 - gui - INFO - STL loaded successfully: C:/Users/esteb/Downloads/Calendrier de l'avent v7.stl
2026-06-05 10:09:18,535 - gui - DEBUG - Detected 36 patches
2026-06-05 10:11:29,951 - __main__ - INFO - ================================================================================
2026-06-05 10:11:29,951 - __main__ - INFO - OpenFOAM GUI Wrapper Started
2026-06-05 10:11:29,952 - __main__ - INFO - ================================================================================
2026-06-05 10:11:29,952 - __main__ - INFO - Log file: logs\foam_wrapper.log
2026-06-05 10:11:29,952 - __main__ - INFO - Initializing QApplication
2026-06-05 10:11:29,966 - __main__ - INFO - Creating main window
2026-06-05 10:11:29,967 - gui - INFO - Initializing OpenFOAMWrapperApp
2026-06-05 10:11:29,967 - mesh_utils - INFO - Initializing MeshManager
2026-06-05 10:11:29,967 - mesh_utils - DEBUG - MeshManager initialized
2026-06-05 10:11:30,210 - matplotlib.pyplot - DEBUG - Loaded backend qtagg version 6.7.0.
2026-06-05 10:13:01,217 - __main__ - INFO - ================================================================================
2026-06-05 10:13:01,217 - __main__ - INFO - OpenFOAM GUI Wrapper Started
2026-06-05 10:13:01,217 - __main__ - INFO - ================================================================================
2026-06-05 10:13:01,217 - __main__ - INFO - Log file: logs\foam_wrapper.log
2026-06-05 10:13:01,217 - __main__ - INFO - Initializing QApplication
2026-06-05 10:13:01,235 - __main__ - INFO - Creating main window
2026-06-05 10:13:01,236 - gui - INFO - Initializing OpenFOAMWrapperApp
2026-06-05 10:13:01,236 - mesh_utils - INFO - Initializing MeshManager
2026-06-05 10:13:01,236 - mesh_utils - DEBUG - MeshManager initialized
2026-06-05 10:13:01,486 - gui - INFO - OpenFOAMWrapperApp initialized
2026-06-05 10:13:01,513 - __main__ - INFO - Running application
2026-06-05 10:13:04,734 - gui - INFO - new_case called
2026-06-05 10:13:14,182 - gui - INFO - Creating new case at: C:\Users\esteb\Desktop\Cours EPF Local\Apprendre pour stages\ScriptCFD\TestCase1
2026-06-05 10:13:14,182 - foam_utils - INFO - OpenFOAMCase initialized with case_dir: C:\Users\esteb\Desktop\Cours EPF Local\Apprendre pour stages\ScriptCFD\TestCase1
2026-06-05 10:13:14,182 - foam_utils - DEBUG - Templates directory: c:\Users\esteb\Desktop\Cours EPF Local\Apprendre pour stages\ScriptCFD\ScriptOFA\openfoam_wrapper\templates
2026-06-05 10:13:14,182 - foam_utils - INFO - Creating case structure in C:\Users\esteb\Desktop\Cours EPF Local\Apprendre pour stages\ScriptCFD\TestCase1
2026-06-05 10:13:14,182 - foam_utils - DEBUG - Created directory: 0
2026-06-05 10:13:14,182 - foam_utils - DEBUG - Created directory: constant
2026-06-05 10:13:14,183 - foam_utils - DEBUG - Created directory: system
2026-06-05 10:13:14,183 - foam_utils - DEBUG - Created directory: constant/polyMesh
2026-06-05 10:13:14,183 - foam_utils - INFO - Case structure created successfully
2026-06-05 10:13:14,183 - gui - INFO - Case created successfully at: C:\Users\esteb\Desktop\Cours EPF Local\Apprendre pour stages\ScriptCFD\TestCase1
2026-06-05 10:13:15,097 - gui - INFO - load_stl called
2026-06-05 10:13:17,692 - gui - INFO - Loading STL file: C:/Users/esteb/Downloads/Calendrier de l'avent v6.stl
2026-06-05 10:13:17,692 - mesh_utils - INFO - Loading STL file: C:\Users\esteb\Downloads\Calendrier de l'avent v6.stl
2026-06-05 10:13:17,706 - mesh_utils - DEBUG - STL loaded, mesh has 4392 cells
2026-06-05 10:13:17,706 - mesh_utils - INFO - Extracting surface and splitting bodies
2026-06-05 10:13:17,763 - mesh_utils - INFO - Identified 36 patches
2026-06-05 10:13:17,763 - mesh_utils - DEBUG - Initialized patch: patch_0
2026-06-05 10:13:17,763 - mesh_utils - DEBUG - Initialized patch: patch_1
2026-06-05 10:13:17,764 - mesh_utils - DEBUG - Initialized patch: patch_2
2026-06-05 10:13:17,764 - mesh_utils - DEBUG - Initialized patch: patch_3
2026-06-05 10:13:17,764 - mesh_utils - DEBUG - Initialized patch: patch_4
2026-06-05 10:13:17,764 - mesh_utils - DEBUG - Initialized patch: patch_5
2026-06-05 10:13:17,764 - mesh_utils - DEBUG - Initialized patch: patch_6
2026-06-05 10:13:17,764 - mesh_utils - DEBUG - Initialized patch: patch_7
2026-06-05 10:13:17,764 - mesh_utils - DEBUG - Initialized patch: patch_8
2026-06-05 10:13:17,764 - mesh_utils - DEBUG - Initialized patch: patch_9
2026-06-05 10:13:17,764 - mesh_utils - DEBUG - Initialized patch: patch_10
2026-06-05 10:13:17,764 - mesh_utils - DEBUG - Initialized patch: patch_11
2026-06-05 10:13:17,764 - mesh_utils - DEBUG - Initialized patch: patch_12
2026-06-05 10:13:17,764 - mesh_utils - DEBUG - Initialized patch: patch_13
2026-06-05 10:13:17,764 - mesh_utils - DEBUG - Initialized patch: patch_14
2026-06-05 10:13:17,765 - mesh_utils - DEBUG - Initialized patch: patch_15
2026-06-05 10:13:17,765 - mesh_utils - DEBUG - Initialized patch: patch_16
2026-06-05 10:13:17,765 - mesh_utils - DEBUG - Initialized patch: patch_17
2026-06-05 10:13:17,765 - mesh_utils - DEBUG - Initialized patch: patch_18
2026-06-05 10:13:17,765 - mesh_utils - DEBUG - Initialized patch: patch_19
2026-06-05 10:13:17,765 - mesh_utils - DEBUG - Initialized patch: patch_20
2026-06-05 10:13:17,765 - mesh_utils - DEBUG - Initialized patch: patch_21
2026-06-05 10:13:17,765 - mesh_utils - DEBUG - Initialized patch: patch_22
2026-06-05 10:13:17,765 - mesh_utils - DEBUG - Initialized patch: patch_23
2026-06-05 10:13:17,765 - mesh_utils - DEBUG - Initialized patch: patch_24
2026-06-05 10:13:17,765 - mesh_utils - DEBUG - Initialized patch: patch_25
2026-06-05 10:13:17,765 - mesh_utils - DEBUG - Initialized patch: patch_26
2026-06-05 10:13:17,765 - mesh_utils - DEBUG - Initialized patch: patch_27
2026-06-05 10:13:17,765 - mesh_utils - DEBUG - Initialized patch: patch_28
2026-06-05 10:13:17,765 - mesh_utils - DEBUG - Initialized patch: patch_29
2026-06-05 10:13:17,765 - mesh_utils - DEBUG - Initialized patch: patch_30
2026-06-05 10:13:17,765 - mesh_utils - DEBUG - Initialized patch: patch_31
2026-06-05 10:13:17,765 - mesh_utils - DEBUG - Initialized patch: patch_32
2026-06-05 10:13:17,765 - mesh_utils - DEBUG - Initialized patch: patch_33
2026-06-05 10:13:17,766 - mesh_utils - DEBUG - Initialized patch: patch_34
2026-06-05 10:13:17,766 - mesh_utils - DEBUG - Initialized patch: patch_35
2026-06-05 10:13:17,766 - mesh_utils - INFO - STL file processed successfully
2026-06-05 10:13:17,766 - gui - INFO - STL loaded successfully: C:/Users/esteb/Downloads/Calendrier de l'avent v6.stl
2026-06-05 10:13:17,766 - gui - DEBUG - Detected 36 patches
2026-06-05 10:14:38,228 - gui - INFO - load_stl called
2026-06-05 10:14:40,704 - gui - INFO - Loading STL file: C:/Users/esteb/Downloads/Calendrier de l'avent v5.stl
2026-06-05 10:14:40,704 - mesh_utils - INFO - Loading STL file: C:\Users\esteb\Downloads\Calendrier de l'avent v5.stl
2026-06-05 10:14:40,708 - mesh_utils - DEBUG - STL loaded, mesh has 4392 cells
2026-06-05 10:14:40,708 - mesh_utils - INFO - Extracting surface and splitting bodies
2026-06-05 10:14:40,757 - mesh_utils - INFO - Identified 36 patches
2026-06-05 10:14:40,757 - mesh_utils - DEBUG - Initialized patch: patch_0
2026-06-05 10:14:40,757 - mesh_utils - DEBUG - Initialized patch: patch_1
2026-06-05 10:14:40,757 - mesh_utils - DEBUG - Initialized patch: patch_2
2026-06-05 10:14:40,757 - mesh_utils - DEBUG - Initialized patch: patch_3
2026-06-05 10:14:40,757 - mesh_utils - DEBUG - Initialized patch: patch_4
2026-06-05 10:14:40,757 - mesh_utils - DEBUG - Initialized patch: patch_5
2026-06-05 10:14:40,757 - mesh_utils - DEBUG - Initialized patch: patch_6
2026-06-05 10:14:40,757 - mesh_utils - DEBUG - Initialized patch: patch_7
2026-06-05 10:14:40,758 - mesh_utils - DEBUG - Initialized patch: patch_8
2026-06-05 10:14:40,758 - mesh_utils - DEBUG - Initialized patch: patch_9
2026-06-05 10:14:40,758 - mesh_utils - DEBUG - Initialized patch: patch_10
2026-06-05 10:14:40,758 - mesh_utils - DEBUG - Initialized patch: patch_11
2026-06-05 10:14:40,758 - mesh_utils - DEBUG - Initialized patch: patch_12
2026-06-05 10:14:40,758 - mesh_utils - DEBUG - Initialized patch: patch_13
2026-06-05 10:14:40,758 - mesh_utils - DEBUG - Initialized patch: patch_14
2026-06-05 10:14:40,758 - mesh_utils - DEBUG - Initialized patch: patch_15
2026-06-05 10:14:40,758 - mesh_utils - DEBUG - Initialized patch: patch_16
2026-06-05 10:14:40,758 - mesh_utils - DEBUG - Initialized patch: patch_17
2026-06-05 10:14:40,758 - mesh_utils - DEBUG - Initialized patch: patch_18
2026-06-05 10:14:40,758 - mesh_utils - DEBUG - Initialized patch: patch_19
2026-06-05 10:14:40,758 - mesh_utils - DEBUG - Initialized patch: patch_20
2026-06-05 10:14:40,758 - mesh_utils - DEBUG - Initialized patch: patch_21
2026-06-05 10:14:40,758 - mesh_utils - DEBUG - Initialized patch: patch_22
2026-06-05 10:14:40,759 - mesh_utils - DEBUG - Initialized patch: patch_23
2026-06-05 10:14:40,759 - mesh_utils - DEBUG - Initialized patch: patch_24
2026-06-05 10:14:40,759 - mesh_utils - DEBUG - Initialized patch: patch_25
2026-06-05 10:14:40,759 - mesh_utils - DEBUG - Initialized patch: patch_26
2026-06-05 10:14:40,759 - mesh_utils - DEBUG - Initialized patch: patch_27
2026-06-05 10:14:40,759 - mesh_utils - DEBUG - Initialized patch: patch_28
2026-06-05 10:14:40,759 - mesh_utils - DEBUG - Initialized patch: patch_29
2026-06-05 10:14:40,759 - mesh_utils - DEBUG - Initialized patch: patch_30
2026-06-05 10:14:40,759 - mesh_utils - DEBUG - Initialized patch: patch_31
2026-06-05 10:14:40,759 - mesh_utils - DEBUG - Initialized patch: patch_32
2026-06-05 10:14:40,759 - mesh_utils - DEBUG - Initialized patch: patch_33
2026-06-05 10:14:40,760 - mesh_utils - DEBUG - Initialized patch: patch_34
2026-06-05 10:14:40,760 - mesh_utils - DEBUG - Initialized patch: patch_35
2026-06-05 10:14:40,760 - mesh_utils - INFO - STL file processed successfully
2026-06-05 10:14:40,760 - gui - INFO - STL loaded successfully: C:/Users/esteb/Downloads/Calendrier de l'avent v5.stl
2026-06-05 10:14:40,760 - gui - DEBUG - Detected 36 patches
2026-06-05 10:14:46,870 - gui - INFO - load_stl called
2026-06-05 10:15:05,743 - gui - INFO - Loading STL file: C:/Users/esteb/Downloads/download/Catapulte Body 2.stl
2026-06-05 10:15:05,743 - mesh_utils - INFO - Loading STL file: C:\Users\esteb\Downloads\download\Catapulte Body 2.stl
2026-06-05 10:15:05,745 - mesh_utils - DEBUG - STL loaded, mesh has 1822 cells
2026-06-05 10:15:05,745 - mesh_utils - INFO - Extracting surface and splitting bodies
2026-06-05 10:15:05,750 - mesh_utils - INFO - Identified 1 patches
2026-06-05 10:15:05,750 - mesh_utils - DEBUG - Initialized patch: patch_0
2026-06-05 10:15:05,751 - mesh_utils - INFO - STL file processed successfully
2026-06-05 10:15:05,751 - gui - INFO - STL loaded successfully: C:/Users/esteb/Downloads/download/Catapulte Body 2.stl
2026-06-05 10:15:05,751 - gui - DEBUG - Detected 36 patches
2026-06-05 10:16:49,692 - __main__ - INFO - ================================================================================
2026-06-05 10:16:49,692 - __main__ - INFO - OpenFOAM GUI Wrapper Started
2026-06-05 10:16:49,692 - __main__ - INFO - ================================================================================
2026-06-05 10:16:49,692 - __main__ - INFO - Log file: logs\foam_wrapper.log
2026-06-05 10:16:49,692 - __main__ - INFO - Initializing QApplication
2026-06-05 10:16:49,707 - __main__ - INFO - Creating main window
2026-06-05 10:16:49,708 - gui - INFO - Initializing OpenFOAMWrapperApp
2026-06-05 10:16:49,708 - mesh_utils - INFO - Initializing MeshManager
2026-06-05 10:16:49,708 - mesh_utils - DEBUG - MeshManager initialized
2026-06-05 10:16:49,962 - gui - INFO - OpenFOAMWrapperApp initialized
2026-06-05 10:16:49,989 - __main__ - INFO - Running application
2026-06-05 10:16:59,703 - gui - INFO - new_case called
2026-06-05 10:17:05,777 - gui - INFO - Creating new case at: C:\Users\esteb\Desktop\Cours EPF Local\Apprendre pour stages\ScriptCFD\TestCase1
2026-06-05 10:17:05,777 - foam_utils - INFO - OpenFOAMCase initialized with case_dir: C:\Users\esteb\Desktop\Cours EPF Local\Apprendre pour stages\ScriptCFD\TestCase1
2026-06-05 10:17:05,777 - foam_utils - DEBUG - Templates directory: c:\Users\esteb\Desktop\Cours EPF Local\Apprendre pour stages\ScriptCFD\ScriptOFA\openfoam_wrapper\templates
2026-06-05 10:17:05,777 - foam_utils - INFO - Creating case structure in C:\Users\esteb\Desktop\Cours EPF Local\Apprendre pour stages\ScriptCFD\TestCase1
2026-06-05 10:17:05,778 - foam_utils - DEBUG - Created directory: 0
2026-06-05 10:17:05,778 - foam_utils - DEBUG - Created directory: constant
2026-06-05 10:17:05,778 - foam_utils - DEBUG - Created directory: system
2026-06-05 10:17:05,778 - foam_utils - DEBUG - Created directory: constant/polyMesh
2026-06-05 10:17:05,778 - foam_utils - INFO - Case structure created successfully
2026-06-05 10:17:05,778 - gui - INFO - Case created successfully at: C:\Users\esteb\Desktop\Cours EPF Local\Apprendre pour stages\ScriptCFD\TestCase1
2026-06-05 10:17:07,389 - gui - INFO - load_stl called
2026-06-05 10:17:10,806 - gui - INFO - Loading STL file: C:/Users/esteb/Downloads/Calendrier de l'avent v7.stl
2026-06-05 10:17:10,806 - mesh_utils - INFO - Initializing MeshManager
2026-06-05 10:17:10,806 - mesh_utils - DEBUG - MeshManager initialized
2026-06-05 10:17:10,807 - mesh_utils - INFO - Loading STL file: C:\Users\esteb\Downloads\Calendrier de l'avent v7.stl
2026-06-05 10:17:10,819 - mesh_utils - DEBUG - STL loaded, mesh has 4392 cells
2026-06-05 10:17:10,819 - mesh_utils - INFO - Extracting surface and splitting bodies
2026-06-05 10:17:10,874 - mesh_utils - INFO - Identified 36 patches
2026-06-05 10:17:10,874 - mesh_utils - DEBUG - Initialized patch: patch_0
2026-06-05 10:17:10,875 - mesh_utils - DEBUG - Initialized patch: patch_1
2026-06-05 10:17:10,875 - mesh_utils - DEBUG - Initialized patch: patch_2
2026-06-05 10:17:10,875 - mesh_utils - DEBUG - Initialized patch: patch_3
2026-06-05 10:17:10,875 - mesh_utils - DEBUG - Initialized patch: patch_4
2026-06-05 10:17:10,875 - mesh_utils - DEBUG - Initialized patch: patch_5
2026-06-05 10:17:10,875 - mesh_utils - DEBUG - Initialized patch: patch_6
2026-06-05 10:17:10,875 - mesh_utils - DEBUG - Initialized patch: patch_7
2026-06-05 10:17:10,875 - mesh_utils - DEBUG - Initialized patch: patch_8
2026-06-05 10:17:10,875 - mesh_utils - DEBUG - Initialized patch: patch_9
2026-06-05 10:17:10,875 - mesh_utils - DEBUG - Initialized patch: patch_10
2026-06-05 10:17:10,875 - mesh_utils - DEBUG - Initialized patch: patch_11
2026-06-05 10:17:10,875 - mesh_utils - DEBUG - Initialized patch: patch_12
2026-06-05 10:17:10,875 - mesh_utils - DEBUG - Initialized patch: patch_13
2026-06-05 10:17:10,875 - mesh_utils - DEBUG - Initialized patch: patch_14
2026-06-05 10:17:10,876 - mesh_utils - DEBUG - Initialized patch: patch_15
2026-06-05 10:17:10,876 - mesh_utils - DEBUG - Initialized patch: patch_16
2026-06-05 10:17:10,876 - mesh_utils - DEBUG - Initialized patch: patch_17
2026-06-05 10:17:10,876 - mesh_utils - DEBUG - Initialized patch: patch_18
2026-06-05 10:17:10,876 - mesh_utils - DEBUG - Initialized patch: patch_19
2026-06-05 10:17:10,876 - mesh_utils - DEBUG - Initialized patch: patch_20
2026-06-05 10:17:10,876 - mesh_utils - DEBUG - Initialized patch: patch_21
2026-06-05 10:17:10,876 - mesh_utils - DEBUG - Initialized patch: patch_22
2026-06-05 10:17:10,876 - mesh_utils - DEBUG - Initialized patch: patch_23
2026-06-05 10:17:10,876 - mesh_utils - DEBUG - Initialized patch: patch_24
2026-06-05 10:17:10,876 - mesh_utils - DEBUG - Initialized patch: patch_25
2026-06-05 10:17:10,877 - mesh_utils - DEBUG - Initialized patch: patch_26
2026-06-05 10:17:10,877 - mesh_utils - DEBUG - Initialized patch: patch_27
2026-06-05 10:17:10,877 - mesh_utils - DEBUG - Initialized patch: patch_28
2026-06-05 10:17:10,877 - mesh_utils - DEBUG - Initialized patch: patch_29
2026-06-05 10:17:10,877 - mesh_utils - DEBUG - Initialized patch: patch_30
2026-06-05 10:17:10,877 - mesh_utils - DEBUG - Initialized patch: patch_31
2026-06-05 10:17:10,877 - mesh_utils - DEBUG - Initialized patch: patch_32
2026-06-05 10:17:10,877 - mesh_utils - DEBUG - Initialized patch: patch_33
2026-06-05 10:17:10,877 - mesh_utils - DEBUG - Initialized patch: patch_34
2026-06-05 10:17:10,877 - mesh_utils - DEBUG - Initialized patch: patch_35
2026-06-05 10:17:10,877 - mesh_utils - INFO - STL file processed successfully
2026-06-05 10:17:10,877 - gui - INFO - STL loaded successfully: C:/Users/esteb/Downloads/Calendrier de l'avent v7.stl
2026-06-05 10:17:10,878 - gui - DEBUG - Total patches across all meshes: 36
2026-06-05 10:17:11,903 - gui - INFO - load_stl called
2026-06-05 10:17:15,557 - gui - INFO - Loading STL file: C:/Users/esteb/Downloads/download/Catapulte Esteban Roue 2.stl
2026-06-05 10:17:15,557 - mesh_utils - INFO - Initializing MeshManager
2026-06-05 10:17:15,557 - mesh_utils - DEBUG - MeshManager initialized
2026-06-05 10:17:15,557 - mesh_utils - INFO - Loading STL file: C:\Users\esteb\Downloads\download\Catapulte Esteban Roue 2.stl
2026-06-05 10:17:15,558 - mesh_utils - DEBUG - STL loaded, mesh has 728 cells
2026-06-05 10:17:15,559 - mesh_utils - INFO - Extracting surface and splitting bodies
2026-06-05 10:17:15,562 - mesh_utils - INFO - Identified 1 patches
2026-06-05 10:17:15,562 - mesh_utils - DEBUG - Initialized patch: patch_0
2026-06-05 10:17:15,562 - mesh_utils - INFO - STL file processed successfully
2026-06-05 10:17:15,562 - gui - INFO - STL loaded successfully: C:/Users/esteb/Downloads/download/Catapulte Esteban Roue 2.stl
2026-06-05 10:17:15,563 - gui - DEBUG - Total patches across all meshes: 37
